// Jest Snapshot v1, https://goo.gl/fbAQLP

exports[`Prueba sobre el component FirstApp should make match with the snapshot 1`] = `
<div>
  <h1
    data-testid="test-title"
  >
    Hola, Soy Goku
  </h1>
  <p>
    No hay subtítulo
  </p>
  <p>
    No hay subtítulo
  </p>
  <p>
    Lucía Hobrecht
  </p>
</div>
`;
